// Jest Snapshot v1, https://goo.gl/fbAQLP

exports[`should render properly 1`] = `
<DocumentFragment>
  <div
    data-part="root"
    id="number-input:undefined"
  />
</DocumentFragment>
`;
